test_files/binary_executable.input: Mach-O 64-bit executable arm64
