test_files/one_random_byte.input: very short file (no magic)
