test_files/random_bytes3.input: Non-ISO extended-ASCII text
