test_files/utf8simplchinese.input: Unicode text, UTF-8 text, with no line terminators
