test_files/utf82.input: Unicode text, UTF-8 text, with no line terminators
