test_files/utf8tradchinese.input: Unicode text, UTF-8 text, with no line terminators
