test_files/utf8vietnamese.input: Unicode text, UTF-8 text, with no line terminators
