test_files/utf8greek.input: Unicode text, UTF-8 text, with no line terminators
