test_files/utf8hieroglyphs.input: Unicode text, UTF-8 text, with no line terminators
