test_files/utf8cyrillic.input: Unicode text, UTF-8 text, with no line terminators
