test_files/utf8korean.input: Unicode text, UTF-8 text, with no line terminators
